V3 47
FL //vboxsvr/winxptogetherfolder/xl/CHK/lab1/lab1/embedded_kcpsm3.vhd 2010/03/22.13:05:44 J.30
FL //vboxsvr/winxptogetherfolder/xl/CHK/lab1/lab1/kcpsm3.vhd 2010/03/19.18:09:28 J.30
FL //vboxsvr/winxptogetherfolder/xl/CHK/lab1/lab1/PROG_ROM.VHD 2025/09/29.16:55:02 J.30
FL //vboxsvr/winxptogetherfolder/xl/CHK/lab1/lab1/z_picoSP36_top.vhd 2025/09/29.13:02:10 J.30
FL //vboxsvr/winxptogetherfolder/xl/CHK/lab21/lab1/embedded_kcpsm3.vhd 2025/10/24.17:20:49 J.30
FL //vboxsvr/winxptogetherfolder/xl/CHK/lab21/lab1/kcpsm3.vhd 2025/10/24.17:20:52 J.30
FL //vboxsvr/winxptogetherfolder/xl/CHK/lab21/lab1/PROG_ROM.VHD 2025/11/26.15:32:45 J.30
FL //vboxsvr/winxptogetherfolder/xl/CHK/lab21/lab1/z_picoSP36_top.vhd 2025/11/26.00:06:40 J.30
FL //vboxsvr/winxptogetherfolder/xl/CHK/lab31/lab1/embedded_kcpsm3.vhd 2025/10/24.17:20:49 J.30
EN work/embedded_kcpsm3 1764761624 \
      FL //vboxsvr/winxptogetherfolder/xl/CHK/lab31/lab1/embedded_kcpsm3.vhd \
      PB ieee/std_logic_1164 1163575071 PB ieee/std_logic_arith 1163575072 \
      PB ieee/STD_LOGIC_UNSIGNED 1163575073
AR work/embedded_kcpsm3/connectivity 1764761625 \
      FL //vboxsvr/winxptogetherfolder/xl/CHK/lab31/lab1/embedded_kcpsm3.vhd \
      EN work/embedded_kcpsm3 1764761624 CP kcpsm3 CP prog_rom
FL //vboxsvr/winxptogetherfolder/xl/CHK/lab31/lab1/kcpsm3.vhd 2025/10/24.17:20:52 J.30
EN work/kcpsm3 1764761620 \
      FL //vboxsvr/winxptogetherfolder/xl/CHK/lab31/lab1/kcpsm3.vhd \
      PB ieee/std_logic_1164 1163575071 PB ieee/std_logic_arith 1163575072 \
      PB ieee/STD_LOGIC_UNSIGNED 1163575073 LB UNISIM PH unisim/VCOMPONENTS 1163575076
AR work/kcpsm3/low_level_definition 1764761621 \
      FL //vboxsvr/winxptogetherfolder/xl/CHK/lab31/lab1/kcpsm3.vhd \
      EN work/kcpsm3 1764761620 CP LUT2 CP FD CP FDS CP FDR CP LUT4 CP FDE CP LUT3 \
      CP FDRE CP MUXCY CP XORCY CP INV CP FDRSE CP RAM16X1D CP RAM64X1S CP MUXF5 \
      CP RAM32X1S
FL //vboxsvr/winxptogetherfolder/xl/CHK/lab31/lab1/PROG_ROM.VHD 2025/12/03.15:25:57 J.30
EN work/prog_rom 1764761622 \
      FL //vboxsvr/winxptogetherfolder/xl/CHK/lab31/lab1/PROG_ROM.VHD \
      PB ieee/std_logic_1164 1163575071 PB ieee/std_logic_arith 1163575072 \
      PB ieee/STD_LOGIC_UNSIGNED 1163575073 LB UNISIM PH unisim/VCOMPONENTS 1163575076
AR work/prog_rom/low_level_definition 1764761623 \
      FL //vboxsvr/winxptogetherfolder/xl/CHK/lab31/lab1/PROG_ROM.VHD \
      EN work/prog_rom 1764761622 CP RAMB16_S18
FL //vboxsvr/winxptogetherfolder/xl/CHK/lab31/lab1/z_picoSP36_top.vhd 2025/12/03.15:32:33 J.30
EN work/picoblaze_top 1764761626 \
      FL //vboxsvr/winxptogetherfolder/xl/CHK/lab31/lab1/z_picoSP36_top.vhd \
      PB ieee/std_logic_1164 1163575071 PB ieee/std_logic_arith 1163575072 \
      PB ieee/STD_LOGIC_UNSIGNED 1163575073 LB UNISIM PH unisim/VCOMPONENTS 1163575076
AR work/picoblaze_top/Behavioral 1764761627 \
      FL //vboxsvr/winxptogetherfolder/xl/CHK/lab31/lab1/z_picoSP36_top.vhd \
      EN work/picoblaze_top 1764761626 CP embedded_kcpsm3
FL D:/CHK/lab1/lab1/embedded_kcpsm3.vhd 2010/03/22.11:05:44 J.30
FL D:/CHK/lab1/lab1/kcpsm3.vhd 2010/03/19.16:09:28 J.30
FL D:/CHK/lab1/lab1/PROG_ROM.VHD 2025/10/13.10:21:10 J.30
FL D:/CHK/lab1/lab1/z_picoSP36_top.vhd 2025/09/29.11:02:10 J.30
FL D:/CHK/SoC_bac/Lab/PicoBlazeForSp2/z_picoSP2_top.vhd 2006/09/10.18:38:38 J.30
FL Z:/xl/CHK/lab1/lab1/z_picoSP36_top.vhd 2025/09/29.13:02:10 J.30
