Turbo Assembler	 Version 2.5	    22/12/04 19:20:01	    Page 1
PRIM.ASM



      1	0000			     stseg   segment para    stack
      2	0000  10*(????)			     dw	     16	     dup(?)
      3	0020			     stseg   ends
      4	0000			     dseg    segment para
      5	0000  000A		     a	     dw	     10
      6	0002  0014		     b	     dw	     20
      7	0004  0019		     c	     dw	     25
      8	0006  ????		     y	     dw	     ?
      9	0008			     dseg    ends
     10	0000			     cseg    segment para
     11	0000			     lab1    proc    far
     12					     assume  cs:cseg,ds:dseg,ss:stseg
     13	0000  1E			     push    ds
     14	0001  B8 0000			     mov     ax,0
     15	0004  50			     push    ax
     16	0005  B8 0000s			     mov     ax,dseg
     17	0008  8E D8			     mov     ds,ax
     18	000A  A1 0000r			     mov     ax,a
     19	000D  03 06 0002r		     add     ax,b
     20	0011  2B 06 0004r		     sub     ax,c
     21	0015  A3 0006r			     mov     y,ax
     22	0018  CB			     ret
     23	0019			     lab1    endp
     24	0019			     cseg    ends
     25					     end     lab1
Turbo Assembler	 Version 2.5	    22/12/04 19:20:01	    Page 2
Symbol Table




Symbol Name			  Type	 Value

??DATE				  Text	 "22/12/04"
??FILENAME			  Text	 "PRIM	  "
??TIME				  Text	 "19:20:01"
??VERSION			  Number 0205
@CPU				  Text	 0101H
@CURSEG				  Text	 CSEG
@FILENAME			  Text	 PRIM
@WORDSIZE			  Text	 2
A				  Word	 DSEG:0000
B				  Word	 DSEG:0002
C				  Word	 DSEG:0004
LAB1				  Far	 CSEG:0000
Y				  Word	 DSEG:0006

Groups & Segments		  Bit Size Align  Combine Class

CSEG				  16  0019 Para	  none
DSEG				  16  0008 Para	  none
STSEG				  16  0020 Para	  Stack
