MPLINK 4.43, Linker
Linker Map File - Created Tue Oct 10 16:00:00 2017

                                 Section Info
                  Section       Type    Address   Location Size(Bytes)
                ---------  ---------  ---------  ---------  ---------
             RESET_VECTOR       code   0x000000    program   0x000006
               INT_VECTOR       code   0x000004    program   0x000018
                   .cinit    romdata   0x000010    program   0x000004
                MAIN_PROG       code   0x000012    program   0x00002c
     .config_2007_PROG1.O       code   0x002007    program   0x000002
     .config_2008_PROG1.O       code   0x002008    program   0x000002
                 TEMP_VAR      udata   0x000020       data   0x000002
                  INT_VAR      udata   0x000070       data   0x000003



                              Program Memory Usage 
                               Start         End      
                           ---------   ---------      
                            0x000000    0x000002      
                            0x000004    0x000027      
                            0x002007    0x002008      
            41 out of 8455 program addresses used, program memory utilization is 0%



                              Symbols - Sorted by Name
                     Name    Address   Location    Storage File                     
                ---------  ---------  ---------  --------- ---------                
                maincycle   0x000020    program     static E:\FATHER\PIC\PROBI\prob\prog1.asm
                    pause   0x000021    program     static E:\FATHER\PIC\PROBI\prob\prog1.asm
                    start   0x000012    program     static E:\FATHER\PIC\PROBI\prob\prog1.asm
                   count1   0x000020       data     static E:\FATHER\PIC\PROBI\prob\prog1.asm
              pclath_temp   0x000072       data     static E:\FATHER\PIC\PROBI\prob\prog1.asm
              status_temp   0x000071       data     static E:\FATHER\PIC\PROBI\prob\prog1.asm
                   w_temp   0x000070       data     static E:\FATHER\PIC\PROBI\prob\prog1.asm



                              Symbols - Sorted by Address
                     Name    Address   Location    Storage File                     
                ---------  ---------  ---------  --------- ---------                
                    start   0x000012    program     static E:\FATHER\PIC\PROBI\prob\prog1.asm
                maincycle   0x000020    program     static E:\FATHER\PIC\PROBI\prob\prog1.asm
                    pause   0x000021    program     static E:\FATHER\PIC\PROBI\prob\prog1.asm
                   count1   0x000020       data     static E:\FATHER\PIC\PROBI\prob\prog1.asm
                   w_temp   0x000070       data     static E:\FATHER\PIC\PROBI\prob\prog1.asm
              status_temp   0x000071       data     static E:\FATHER\PIC\PROBI\prob\prog1.asm
              pclath_temp   0x000072       data     static E:\FATHER\PIC\PROBI\prob\prog1.asm


