MPLINK 4.43, Linker
Linker Map File - Created Mon Sep 01 18:43:22 2014

                                 Section Info
                  Section       Type    Address   Location Size(Bytes)
                ---------  ---------  ---------  ---------  ---------
                   .org_0       code   0x000000    program   0x000002
                   .cinit    romdata   0x000001    program   0x000004
                   .org_1       code   0x000004    program   0x00001a
 .config_2007_SVETODIOD.O       code   0x002007    program   0x000002
 .config_2008_SVETODIOD.O       code   0x002008    program   0x000002
                   .udata      udata   0x000010       data   0x000002



                              Program Memory Usage 
                               Start         End      
                           ---------   ---------      
                            0x000000    0x000002      
                            0x000004    0x000010      
                            0x002007    0x002008      
            18 out of 8454 program addresses used, program memory utilization is 0%



                              Symbols - Sorted by Name
                     Name    Address   Location    Storage File                     
                ---------  ---------  ---------  --------- ---------                
                     Main   0x000004    program     static E:\FATHER\PIC\Education\svetodiodi\svetodiod.asm
                  STARTUP   0x000000    program     static E:\FATHER\PIC\Education\svetodiodi\svetodiod.asm
                       c1   0x00000b    program     static E:\FATHER\PIC\Education\svetodiodi\svetodiod.asm
                      ct1   0x000010       data     static E:\FATHER\PIC\Education\svetodiodi\svetodiod.asm
                      ct2   0x000011       data     static E:\FATHER\PIC\Education\svetodiodi\svetodiod.asm



                              Symbols - Sorted by Address
                     Name    Address   Location    Storage File                     
                ---------  ---------  ---------  --------- ---------                
                  STARTUP   0x000000    program     static E:\FATHER\PIC\Education\svetodiodi\svetodiod.asm
                     Main   0x000004    program     static E:\FATHER\PIC\Education\svetodiodi\svetodiod.asm
                       c1   0x00000b    program     static E:\FATHER\PIC\Education\svetodiodi\svetodiod.asm
                      ct1   0x000010       data     static E:\FATHER\PIC\Education\svetodiodi\svetodiod.asm
                      ct2   0x000011       data     static E:\FATHER\PIC\Education\svetodiodi\svetodiod.asm


