MPLINK 4.35, Linker
Linker Map File - Created Fri Dec 19 21:44:18 2025

                                 Section Info
                  Section       Type    Address   Location Size(Bytes)
                ---------  ---------  ---------  ---------  ---------
                    reset       code   0x000000    program   0x000002
                   .cinit    romdata   0x000001    program   0x000004
                intvector       code   0x000004    program   0x000002
                    .code       code   0x000005    program   0x0000b2
     .config_2007_PROJ1.O       code   0x002007    program   0x000002
     .config_2008_PROJ1.O       code   0x002008    program   0x000002
                    myvar      udata   0x000020       data   0x000001
                   shrvar      udata   0x000070       data   0x000004



                              Program Memory Usage 
                               Start         End      
                           ---------   ---------      
                            0x000000    0x000002      
                            0x000004    0x00005d      
                            0x002007    0x002008      
            95 out of 8455 program addresses used, program memory utilization is 1%



                              Symbols - Sorted by Name
                     Name    Address   Location    Storage File                     
                ---------  ---------  ---------  --------- ---------                
                check_rb5   0x000035    program     static E:\Study\InstituteRep\semester_7\Proektirovanie_vstrayvaemyh_sredstv\labs\lab6\Lab61\PROJ1.ASM
                check_rb6   0x000040    program     static E:\Study\InstituteRep\semester_7\Proektirovanie_vstrayvaemyh_sredstv\labs\lab6\Lab61\PROJ1.ASM
                check_rb7   0x00004b    program     static E:\Study\InstituteRep\semester_7\Proektirovanie_vstrayvaemyh_sredstv\labs\lab6\Lab61\PROJ1.ASM
                delay_rb4   0x000031    program     static E:\Study\InstituteRep\semester_7\Proektirovanie_vstrayvaemyh_sredstv\labs\lab6\Lab61\PROJ1.ASM
                delay_rb5   0x00003c    program     static E:\Study\InstituteRep\semester_7\Proektirovanie_vstrayvaemyh_sredstv\labs\lab6\Lab61\PROJ1.ASM
                delay_rb6   0x000047    program     static E:\Study\InstituteRep\semester_7\Proektirovanie_vstrayvaemyh_sredstv\labs\lab6\Lab61\PROJ1.ASM
                delay_rb7   0x000052    program     static E:\Study\InstituteRep\semester_7\Proektirovanie_vstrayvaemyh_sredstv\labs\lab6\Lab61\PROJ1.ASM
                  int_end   0x000059    program     static E:\Study\InstituteRep\semester_7\Proektirovanie_vstrayvaemyh_sredstv\labs\lab6\Lab61\PROJ1.ASM
                interrupt   0x000022    program     static E:\Study\InstituteRep\semester_7\Proektirovanie_vstrayvaemyh_sredstv\labs\lab6\Lab61\PROJ1.ASM
                maincycle   0x00001f    program     static E:\Study\InstituteRep\semester_7\Proektirovanie_vstrayvaemyh_sredstv\labs\lab6\Lab61\PROJ1.ASM
               not_rb_int   0x000059    program     static E:\Study\InstituteRep\semester_7\Proektirovanie_vstrayvaemyh_sredstv\labs\lab6\Lab61\PROJ1.ASM
                    start   0x000005    program     static E:\Study\InstituteRep\semester_7\Proektirovanie_vstrayvaemyh_sredstv\labs\lab6\Lab61\PROJ1.ASM
              update_prev   0x000056    program     static E:\Study\InstituteRep\semester_7\Proektirovanie_vstrayvaemyh_sredstv\labs\lab6\Lab61\PROJ1.ASM
                    count   0x000020       data     static E:\Study\InstituteRep\semester_7\Proektirovanie_vstrayvaemyh_sredstv\labs\lab6\Lab61\PROJ1.ASM
               prev_portb   0x000073       data     static E:\Study\InstituteRep\semester_7\Proektirovanie_vstrayvaemyh_sredstv\labs\lab6\Lab61\PROJ1.ASM
              status_temp   0x000071       data     static E:\Study\InstituteRep\semester_7\Proektirovanie_vstrayvaemyh_sredstv\labs\lab6\Lab61\PROJ1.ASM
               temp_portb   0x000072       data     static E:\Study\InstituteRep\semester_7\Proektirovanie_vstrayvaemyh_sredstv\labs\lab6\Lab61\PROJ1.ASM
                   w_temp   0x000070       data     static E:\Study\InstituteRep\semester_7\Proektirovanie_vstrayvaemyh_sredstv\labs\lab6\Lab61\PROJ1.ASM



                              Symbols - Sorted by Address
                     Name    Address   Location    Storage File                     
                ---------  ---------  ---------  --------- ---------                
                    start   0x000005    program     static E:\Study\InstituteRep\semester_7\Proektirovanie_vstrayvaemyh_sredstv\labs\lab6\Lab61\PROJ1.ASM
                maincycle   0x00001f    program     static E:\Study\InstituteRep\semester_7\Proektirovanie_vstrayvaemyh_sredstv\labs\lab6\Lab61\PROJ1.ASM
                interrupt   0x000022    program     static E:\Study\InstituteRep\semester_7\Proektirovanie_vstrayvaemyh_sredstv\labs\lab6\Lab61\PROJ1.ASM
                delay_rb4   0x000031    program     static E:\Study\InstituteRep\semester_7\Proektirovanie_vstrayvaemyh_sredstv\labs\lab6\Lab61\PROJ1.ASM
                check_rb5   0x000035    program     static E:\Study\InstituteRep\semester_7\Proektirovanie_vstrayvaemyh_sredstv\labs\lab6\Lab61\PROJ1.ASM
                delay_rb5   0x00003c    program     static E:\Study\InstituteRep\semester_7\Proektirovanie_vstrayvaemyh_sredstv\labs\lab6\Lab61\PROJ1.ASM
                check_rb6   0x000040    program     static E:\Study\InstituteRep\semester_7\Proektirovanie_vstrayvaemyh_sredstv\labs\lab6\Lab61\PROJ1.ASM
                delay_rb6   0x000047    program     static E:\Study\InstituteRep\semester_7\Proektirovanie_vstrayvaemyh_sredstv\labs\lab6\Lab61\PROJ1.ASM
                check_rb7   0x00004b    program     static E:\Study\InstituteRep\semester_7\Proektirovanie_vstrayvaemyh_sredstv\labs\lab6\Lab61\PROJ1.ASM
                delay_rb7   0x000052    program     static E:\Study\InstituteRep\semester_7\Proektirovanie_vstrayvaemyh_sredstv\labs\lab6\Lab61\PROJ1.ASM
              update_prev   0x000056    program     static E:\Study\InstituteRep\semester_7\Proektirovanie_vstrayvaemyh_sredstv\labs\lab6\Lab61\PROJ1.ASM
                  int_end   0x000059    program     static E:\Study\InstituteRep\semester_7\Proektirovanie_vstrayvaemyh_sredstv\labs\lab6\Lab61\PROJ1.ASM
               not_rb_int   0x000059    program     static E:\Study\InstituteRep\semester_7\Proektirovanie_vstrayvaemyh_sredstv\labs\lab6\Lab61\PROJ1.ASM
                    count   0x000020       data     static E:\Study\InstituteRep\semester_7\Proektirovanie_vstrayvaemyh_sredstv\labs\lab6\Lab61\PROJ1.ASM
                   w_temp   0x000070       data     static E:\Study\InstituteRep\semester_7\Proektirovanie_vstrayvaemyh_sredstv\labs\lab6\Lab61\PROJ1.ASM
              status_temp   0x000071       data     static E:\Study\InstituteRep\semester_7\Proektirovanie_vstrayvaemyh_sredstv\labs\lab6\Lab61\PROJ1.ASM
               temp_portb   0x000072       data     static E:\Study\InstituteRep\semester_7\Proektirovanie_vstrayvaemyh_sredstv\labs\lab6\Lab61\PROJ1.ASM
               prev_portb   0x000073       data     static E:\Study\InstituteRep\semester_7\Proektirovanie_vstrayvaemyh_sredstv\labs\lab6\Lab61\PROJ1.ASM


