MPLINK 4.43, Linker
Linker Map File - Created Sun Oct 12 22:42:53 2014

                                 Section Info
                  Section       Type    Address   Location Size(Bytes)
                ---------  ---------  ---------  ---------  ---------
                   .org_0       code   0x000000    program   0x000042
                   .cinit    romdata   0x000021    program   0x000004
                   .udata      udata   0x000020       data   0x000003



                              Program Memory Usage 
                               Start         End      
                           ---------   ---------      
                            0x000000    0x000022      
            35 out of 8455 program addresses used, program memory utilization is 0%



                              Symbols - Sorted by Name
                     Name    Address   Location    Storage File                     
                ---------  ---------  ---------  --------- ---------                
                       m1   0x000011    program     static E:\FATHER\PIC\PROBI\f-measure\pr1.asm
                       m2   0x000013    program     static E:\FATHER\PIC\PROBI\f-measure\pr1.asm
                       m3   0x00000a    program     static E:\FATHER\PIC\PROBI\f-measure\pr1.asm
                       m4   0x000016    program     static E:\FATHER\PIC\PROBI\f-measure\pr1.asm
                    start   0x000001    program     static E:\FATHER\PIC\PROBI\f-measure\pr1.asm
                      ct1   0x000020       data     static E:\FATHER\PIC\PROBI\f-measure\pr1.asm
                      ct2   0x000021       data     static E:\FATHER\PIC\PROBI\f-measure\pr1.asm
                      ct3   0x000022       data     static E:\FATHER\PIC\PROBI\f-measure\pr1.asm



                              Symbols - Sorted by Address
                     Name    Address   Location    Storage File                     
                ---------  ---------  ---------  --------- ---------                
                    start   0x000001    program     static E:\FATHER\PIC\PROBI\f-measure\pr1.asm
                       m3   0x00000a    program     static E:\FATHER\PIC\PROBI\f-measure\pr1.asm
                       m1   0x000011    program     static E:\FATHER\PIC\PROBI\f-measure\pr1.asm
                       m2   0x000013    program     static E:\FATHER\PIC\PROBI\f-measure\pr1.asm
                       m4   0x000016    program     static E:\FATHER\PIC\PROBI\f-measure\pr1.asm
                      ct1   0x000020       data     static E:\FATHER\PIC\PROBI\f-measure\pr1.asm
                      ct2   0x000021       data     static E:\FATHER\PIC\PROBI\f-measure\pr1.asm
                      ct3   0x000022       data     static E:\FATHER\PIC\PROBI\f-measure\pr1.asm


