MPLINK 4.35, Linker
Linker Map File - Created Wed Oct 19 14:39:01 2016

                                 Section Info
                  Section       Type    Address   Location Size(Bytes)
                ---------  ---------  ---------  ---------  ---------
             RESET_VECTOR       code   0x000000    program   0x000002
                   .cinit    romdata   0x000001    program   0x000004
                    .code       code   0x000004    program   0x000002
                     MAIN       code   0x000005    program   0x000026
      .config_2007_TMR0.O       code   0x002007    program   0x000002
      .config_2008_TMR0.O       code   0x002008    program   0x000002



                              Program Memory Usage 
                               Start         End      
                           ---------   ---------      
                            0x000000    0x000002      
                            0x000004    0x000017      
                            0x002007    0x002008      
            25 out of 8455 program addresses used, program memory utilization is 0%



                              Symbols - Sorted by Name
                     Name    Address   Location    Storage File                     
                ---------  ---------  ---------  --------- ---------                
                       m1   0x000010    program     static D:\Users\pic\tmr02\tmr0.asm
                       m2   0x000013    program     static D:\Users\pic\tmr02\tmr0.asm
                    start   0x000005    program     static D:\Users\pic\tmr02\tmr0.asm



                              Symbols - Sorted by Address
                     Name    Address   Location    Storage File                     
                ---------  ---------  ---------  --------- ---------                
                    start   0x000005    program     static D:\Users\pic\tmr02\tmr0.asm
                       m1   0x000010    program     static D:\Users\pic\tmr02\tmr0.asm
                       m2   0x000013    program     static D:\Users\pic\tmr02\tmr0.asm


