MPLINK 4.35, Linker
Linker Map File - Created Thu Dec 18 00:15:32 2025

                                 Section Info
                  Section       Type    Address   Location Size(Bytes)
                ---------  ---------  ---------  ---------  ---------
                   .org_0       code   0x000000    program   0x000036
                   .cinit    romdata   0x00001b    program   0x000004



                              Program Memory Usage 
                               Start         End      
                           ---------   ---------      
                            0x000000    0x00001c      
            29 out of 8455 program addresses used, program memory utilization is 0%



                              Symbols - Sorted by Name
                     Name    Address   Location    Storage File                     
                ---------  ---------  ---------  --------- ---------                
                       m1   0x000012    program     static E:\Study\InstituteRep\semester_7\Proektirovanie_vstrayvaemyh_sredstv\labs\Lab5\Lab53\pr1.asm
                       m2   0x000017    program     static E:\Study\InstituteRep\semester_7\Proektirovanie_vstrayvaemyh_sredstv\labs\Lab5\Lab53\pr1.asm
                       m3   0x000010    program     static E:\Study\InstituteRep\semester_7\Proektirovanie_vstrayvaemyh_sredstv\labs\Lab5\Lab53\pr1.asm
                  restart   0x00000f    program     static E:\Study\InstituteRep\semester_7\Proektirovanie_vstrayvaemyh_sredstv\labs\Lab5\Lab53\pr1.asm
                    start   0x000001    program     static E:\Study\InstituteRep\semester_7\Proektirovanie_vstrayvaemyh_sredstv\labs\Lab5\Lab53\pr1.asm



                              Symbols - Sorted by Address
                     Name    Address   Location    Storage File                     
                ---------  ---------  ---------  --------- ---------                
                    start   0x000001    program     static E:\Study\InstituteRep\semester_7\Proektirovanie_vstrayvaemyh_sredstv\labs\Lab5\Lab53\pr1.asm
                  restart   0x00000f    program     static E:\Study\InstituteRep\semester_7\Proektirovanie_vstrayvaemyh_sredstv\labs\Lab5\Lab53\pr1.asm
                       m3   0x000010    program     static E:\Study\InstituteRep\semester_7\Proektirovanie_vstrayvaemyh_sredstv\labs\Lab5\Lab53\pr1.asm
                       m1   0x000012    program     static E:\Study\InstituteRep\semester_7\Proektirovanie_vstrayvaemyh_sredstv\labs\Lab5\Lab53\pr1.asm
                       m2   0x000017    program     static E:\Study\InstituteRep\semester_7\Proektirovanie_vstrayvaemyh_sredstv\labs\Lab5\Lab53\pr1.asm


