MPLINK 4.35, Linker
Linker Map File - Created Fri Nov 21 20:02:01 2025

                                 Section Info
                  Section       Type    Address   Location Size(Bytes)
                ---------  ---------  ---------  ---------  ---------
             RESET_VECTOR       code   0x000000    program   0x000002
                   .cinit    romdata   0x000001    program   0x000004
                    .code       code   0x000004    program   0x000002
                MAIN_PROG       code   0x000005    program   0x000030
     .config_2007_PROG3.O       code   0x002007    program   0x000002
     .config_2008_PROG3.O       code   0x002008    program   0x000002



                              Program Memory Usage 
                               Start         End      
                           ---------   ---------      
                            0x000000    0x000002      
                            0x000004    0x00001c      
                            0x002007    0x002008      
            30 out of 8455 program addresses used, program memory utilization is 0%



                              Symbols - Sorted by Name
                     Name    Address   Location    Storage File                     
                ---------  ---------  ---------  --------- ---------                
                       m1   0x000013    program     static E:\Study\InstituteRep\semester_7\Proektirovanie_vstrayvaemyh_sredstv\labs\lab3\src\prog3.asm
                       m2   0x000015    program     static E:\Study\InstituteRep\semester_7\Proektirovanie_vstrayvaemyh_sredstv\labs\lab3\src\prog3.asm
                    start   0x000005    program     static E:\Study\InstituteRep\semester_7\Proektirovanie_vstrayvaemyh_sredstv\labs\lab3\src\prog3.asm



                              Symbols - Sorted by Address
                     Name    Address   Location    Storage File                     
                ---------  ---------  ---------  --------- ---------                
                    start   0x000005    program     static E:\Study\InstituteRep\semester_7\Proektirovanie_vstrayvaemyh_sredstv\labs\lab3\src\prog3.asm
                       m1   0x000013    program     static E:\Study\InstituteRep\semester_7\Proektirovanie_vstrayvaemyh_sredstv\labs\lab3\src\prog3.asm
                       m2   0x000015    program     static E:\Study\InstituteRep\semester_7\Proektirovanie_vstrayvaemyh_sredstv\labs\lab3\src\prog3.asm


