[backblue.gif]
[fade.gif]
[index.html]
[lab_net/Network_Simulate/NetSimulate/index.html]
[lab_net/Network_Simulate/index.html]
[lab_net/Network_Simulate/NetSimulate/Image/0_1.gif]
[lab_net/Network_Simulate/NetSimulate/Image/0_2.gif]
[lab_net/Network_Simulate/NetSimulate/Image/1_0.gif]
[lab_net/Network_Simulate/NetSimulate/Image/1_1.gif]
[lab_net/Network_Simulate/NetSimulate/Image/1_10.gif]
[lab_net/Network_Simulate/NetSimulate/Image/1_11.gif]
[lab_net/Network_Simulate/NetSimulate/Image/1_12.gif]
[lab_net/Network_Simulate/NetSimulate/Image/1_2.gif]
[lab_net/Network_Simulate/NetSimulate/Image/1_3.gif]
[lab_net/Network_Simulate/NetSimulate/Image/1_4.gif]
[lab_net/Network_Simulate/NetSimulate/Image/1_5.gif]
[lab_net/Network_Simulate/NetSimulate/Image/1_6.gif]
[lab_net/Network_Simulate/NetSimulate/Image/1_7.gif]
[lab_net/Network_Simulate/NetSimulate/Image/1_8.gif]
[lab_net/Network_Simulate/NetSimulate/Image/1_9.gif]
[lab_net/Network_Simulate/NetSimulate/Image/2_0.gif]
[lab_net/Network_Simulate/NetSimulate/Image/2_1.gif]
[lab_net/Network_Simulate/NetSimulate/Image/2_10.gif]
[lab_net/Network_Simulate/NetSimulate/Image/2_11.gif]
[lab_net/Network_Simulate/NetSimulate/Image/2_2.gif]
[lab_net/Network_Simulate/NetSimulate/Image/2_3.gif]
[lab_net/Network_Simulate/NetSimulate/Image/2_4.gif]
[lab_net/Network_Simulate/NetSimulate/Image/2_5.gif]
[lab_net/Network_Simulate/NetSimulate/Image/2_6.gif]
[lab_net/Network_Simulate/NetSimulate/Image/2_7.gif]
[lab_net/Network_Simulate/NetSimulate/Image/2_8.gif]
[lab_net/Network_Simulate/NetSimulate/Image/2_9.gif]
[lab_net/Network_Simulate/NetSimulate/Image/3_2.gif]
[lab_net/Network_Simulate/NetSimulate/Image/3_3.gif]
[lab_net/Network_Simulate/NetSimulate/Image/3_4.gif]
[lab_net/Network_Simulate/NetSimulate/Image/3_5.gif]
[lab_net/Network_Simulate/NetSimulate/Image/4_2.gif]
[lab_net/Network_Simulate/NetSimulate/Image/4_3.gif]
[lab_net/Network_Simulate/NetSimulate/Image/4_4.gif]
[lab_net/Network_Simulate/NetSimulate/Image/5_1.gif]
[lab_net/Network_Simulate/NetSimulate/Image/5_1_old.gif]
[lab_net/Network_Simulate/NetSimulate/Image/5_2.gif]
[lab_net/Network_Simulate/NetSimulate/Image/5_2_old.gif]
[lab_net/Network_Simulate/NetSimulate/Image/5_3.gif]
[lab_net/Network_Simulate/NetSimulate/Image/5_4.gif]
[lab_net/Network_Simulate/NetSimulate/Image/5_4_old.gif]
[lab_net/Network_Simulate/NetSimulate/Image/5_5.gif]
[lab_net/Network_Simulate/NetSimulate/Image/5_5_old.gif]
[lab_net/Network_Simulate/NetSimulate/Image/Thumbs.db]
[lab_net/Network_Simulate/NetSimulate/Image/books.gif]
[lab_net/Network_Simulate/NetSimulate/Image/boy.gif]
[lab_net/Network_Simulate/NetSimulate/Image/index.html]
[lab_net/Network_Simulate/menu.js]
[lab_net/Network_Simulate/NetSimulate/lab0.html]
[lab_net/Network_Simulate/NetSimulate/lab1.html]
[lab_net/Network_Simulate/NetSimulate/lab2.html]
[lab_net/Network_Simulate/NetSimulate/lab3.html]
[lab_net/Network_Simulate/NetSimulate/lab4.html]
[lab_net/Network_Simulate/NetSimulate/manual.html]
[lab_net/Network_Simulate/style.css]
[lab_net/Network_Simulate/NetSimulate/Image/Thumbs.db]
