/home/ise/DATAN/max/lab3_1/implementation/system.ngc 1762866171
/home/ise/DATAN/max/lab3_1/implementation/system_microblaze_0_wrapper.ngc 1762866124
/home/ise/DATAN/max/lab3_1/implementation/system_mb_plb_wrapper.ngc 1762866069
/home/ise/DATAN/max/lab3_1/implementation/system_ilmb_wrapper.ngc 1762866127
/home/ise/DATAN/max/lab3_1/implementation/system_dlmb_wrapper.ngc 1762866129
/home/ise/DATAN/max/lab3_1/implementation/system_dlmb_cntlr_wrapper.ngc 1762866080
/home/ise/DATAN/max/lab3_1/implementation/system_ilmb_cntlr_wrapper.ngc 1762866084
/home/ise/DATAN/max/lab3_1/implementation/system_lmb_bram_wrapper.ngc 1762866088
/home/ise/DATAN/max/lab3_1/implementation/system_dip_switches_wrapper.ngc 1762866096
/home/ise/DATAN/max/lab3_1/implementation/system_leds_wrapper.ngc 1762866104
/home/ise/DATAN/max/lab3_1/implementation/system_clock_generator_0_wrapper.ngc 1762866131
/home/ise/DATAN/max/lab3_1/implementation/system_mdm_0_wrapper.ngc 1762866116
/home/ise/DATAN/max/lab3_1/implementation/system_proc_sys_reset_0_wrapper.ngc 1762866120
OK
