MPLINK 4.43, Linker
Linker Map File - Created Mon Sep 12 20:44:43 2016

                                 Section Info
                  Section       Type    Address   Location Size(Bytes)
                ---------  ---------  ---------  ---------  ---------
             RESET_VECTOR       code   0x000000    program   0x000006
                   .cinit    romdata   0x000003    program   0x000004
                MAIN_PROG       code   0x000005    program   0x00004c
.config_2007_HELLOWORLD.O       code   0x002007    program   0x000002
.config_2008_HELLOWORLD.O       code   0x002008    program   0x000002
                 TEMP_VAR      udata   0x000020       data   0x000002



                              Program Memory Usage 
                               Start         End      
                           ---------   ---------      
                            0x000000    0x00002a      
                            0x002007    0x002008      
            45 out of 8455 program addresses used, program memory utilization is 0%



                              Symbols - Sorted by Name
                     Name    Address   Location    Storage File                     
                ---------  ---------  ---------  --------- ---------                
                    cycle   0x000022    program     static E:\CHIP_1\samples\proba1\helloworld.asm
                       m1   0x000013    program     static E:\CHIP_1\samples\proba1\helloworld.asm
                       m2   0x00001f    program     static E:\CHIP_1\samples\proba1\helloworld.asm
                       m3   0x000015    program     static E:\CHIP_1\samples\proba1\helloworld.asm
                       m4   0x000021    program     static E:\CHIP_1\samples\proba1\helloworld.asm
                    pause   0x000016    program     static E:\CHIP_1\samples\proba1\helloworld.asm
                    start   0x000005    program     static E:\CHIP_1\samples\proba1\helloworld.asm
                   count1   0x000020       data     static E:\CHIP_1\samples\proba1\helloworld.asm



                              Symbols - Sorted by Address
                     Name    Address   Location    Storage File                     
                ---------  ---------  ---------  --------- ---------                
                    start   0x000005    program     static E:\CHIP_1\samples\proba1\helloworld.asm
                       m1   0x000013    program     static E:\CHIP_1\samples\proba1\helloworld.asm
                       m3   0x000015    program     static E:\CHIP_1\samples\proba1\helloworld.asm
                    pause   0x000016    program     static E:\CHIP_1\samples\proba1\helloworld.asm
                       m2   0x00001f    program     static E:\CHIP_1\samples\proba1\helloworld.asm
                       m4   0x000021    program     static E:\CHIP_1\samples\proba1\helloworld.asm
                    cycle   0x000022    program     static E:\CHIP_1\samples\proba1\helloworld.asm
                   count1   0x000020       data     static E:\CHIP_1\samples\proba1\helloworld.asm


