AR picoblaze_top behavioral //vboxsvr/winxptogetherfolder/xl/CHK/lab21/lab1/z_picoSP36_top.vhd sub00/vhpl01 1764712291
AR kcpsm3 low_level_definition //vboxsvr/winxptogetherfolder/xl/CHK/lab21/lab1/kcpsm3.vhd sub00/vhpl03 1764712285
AR embedded_kcpsm3 connectivity //vboxsvr/winxptogetherfolder/xl/CHK/lab21/lab1/embedded_kcpsm3.vhd sub00/vhpl07 1764712289
EN prog_rom NULL //vboxsvr/winxptogetherfolder/xl/CHK/lab21/lab1/PROG_ROM.VHD sub00/vhpl04 1764712286
EN kcpsm3 NULL //vboxsvr/winxptogetherfolder/xl/CHK/lab21/lab1/kcpsm3.vhd sub00/vhpl02 1764712284
EN picoblaze_top NULL //vboxsvr/winxptogetherfolder/xl/CHK/lab21/lab1/z_picoSP36_top.vhd sub00/vhpl00 1764712290
AR prog_rom low_level_definition //vboxsvr/winxptogetherfolder/xl/CHK/lab21/lab1/PROG_ROM.VHD sub00/vhpl05 1764712287
EN embedded_kcpsm3 NULL //vboxsvr/winxptogetherfolder/xl/CHK/lab21/lab1/embedded_kcpsm3.vhd sub00/vhpl06 1764712288
