MPLINK 4.35, Linker
Linker Map File - Created Fri Nov 14 21:14:07 2025

                                 Section Info
                  Section       Type    Address   Location Size(Bytes)
                ---------  ---------  ---------  ---------  ---------
             RESET_VECTOR       code   0x000000    program   0x000006
                   .cinit    romdata   0x000003    program   0x000004
                Ã¿IN_PROG       code   0x000005    program   0x000032
    .config_2007_SOURCE.O       code   0x002007    program   0x000002
    .config_2008_SOURCE.O       code   0x002008    program   0x000002
                 TEMP_VAR      udata   0x000020       data   0x000002



                              Program Memory Usage 
                               Start         End      
                           ---------   ---------      
                            0x000000    0x00001d      
                            0x002007    0x002008      
            32 out of 8455 program addresses used, program memory utilization is 0%



                              Symbols - Sorted by Name
                     Name    Address   Location    Storage File                     
                ---------  ---------  ---------  --------- ---------                
                       m2   0x000018    program     static E:\Study\InstituteRep\semester_7\Proektirovanie_vstrayvaemyh_sredstv\labs\lab1\src\source.asm
                       ml   0x000012    program     static E:\Study\InstituteRep\semester_7\Proektirovanie_vstrayvaemyh_sredstv\labs\lab1\src\source.asm
                    start   0x000005    program     static E:\Study\InstituteRep\semester_7\Proektirovanie_vstrayvaemyh_sredstv\labs\lab1\src\source.asm
                   count1   0x000020       data     static E:\Study\InstituteRep\semester_7\Proektirovanie_vstrayvaemyh_sredstv\labs\lab1\src\source.asm



                              Symbols - Sorted by Address
                     Name    Address   Location    Storage File                     
                ---------  ---------  ---------  --------- ---------                
                    start   0x000005    program     static E:\Study\InstituteRep\semester_7\Proektirovanie_vstrayvaemyh_sredstv\labs\lab1\src\source.asm
                       ml   0x000012    program     static E:\Study\InstituteRep\semester_7\Proektirovanie_vstrayvaemyh_sredstv\labs\lab1\src\source.asm
                       m2   0x000018    program     static E:\Study\InstituteRep\semester_7\Proektirovanie_vstrayvaemyh_sredstv\labs\lab1\src\source.asm
                   count1   0x000020       data     static E:\Study\InstituteRep\semester_7\Proektirovanie_vstrayvaemyh_sredstv\labs\lab1\src\source.asm


