MPLINK 4.35, Linker
Linker Map File - Created Sat Sep 20 18:21:15 2025

                                 Section Info
                  Section       Type    Address   Location Size(Bytes)
                ---------  ---------  ---------  ---------  ---------
                    reset       code   0x000000    program   0x00004a
                   .cinit    romdata   0x000025    program   0x000004
                   .udata      udata   0x000020       data   0x000001



                              Program Memory Usage 
                               Start         End      
                           ---------   ---------      
                            0x000000    0x000026      
            39 out of 8455 program addresses used, program memory utilization is 0%



                              Symbols - Sorted by Name
                     Name    Address   Location    Storage File                     
                ---------  ---------  ---------  --------- ---------                
                    delay   0x000019    program     static D:\semester_7\Proektirovanie_vstrayvaemyh_sredstv\labs\lab1\prj887\prog1.asm
                       m1   0x00001e    program     static D:\semester_7\Proektirovanie_vstrayvaemyh_sredstv\labs\lab1\prj887\prog1.asm
                       m2   0x000015    program     static D:\semester_7\Proektirovanie_vstrayvaemyh_sredstv\labs\lab1\prj887\prog1.asm
                    start   0x000001    program     static D:\semester_7\Proektirovanie_vstrayvaemyh_sredstv\labs\lab1\prj887\prog1.asm
                    count   0x000020       data     static D:\semester_7\Proektirovanie_vstrayvaemyh_sredstv\labs\lab1\prj887\prog1.asm



                              Symbols - Sorted by Address
                     Name    Address   Location    Storage File                     
                ---------  ---------  ---------  --------- ---------                
                    start   0x000001    program     static D:\semester_7\Proektirovanie_vstrayvaemyh_sredstv\labs\lab1\prj887\prog1.asm
                       m2   0x000015    program     static D:\semester_7\Proektirovanie_vstrayvaemyh_sredstv\labs\lab1\prj887\prog1.asm
                    delay   0x000019    program     static D:\semester_7\Proektirovanie_vstrayvaemyh_sredstv\labs\lab1\prj887\prog1.asm
                       m1   0x00001e    program     static D:\semester_7\Proektirovanie_vstrayvaemyh_sredstv\labs\lab1\prj887\prog1.asm
                    count   0x000020       data     static D:\semester_7\Proektirovanie_vstrayvaemyh_sredstv\labs\lab1\prj887\prog1.asm


